
> dealership-copilot@0.1.0 build
> next build

  Γû▓ Next.js 14.2.33
  - Environments: .env.local

   Creating an optimized production build ...
 Γ£ô Compiled successfully
   Linting and checking validity of types ...
node.exe : Failed to compile.
At line:1 char:1
+ & "C:\Program Files\nodejs/node.exe" "C:\Program Files\nodejs/node_mo ...
+ ~~~~~~~~~~~~~~~~~~~~~~~~~~~~~~~~~~~~~~~~~~~~~~~~~~~~~~~~~~~~~~~~~~~~~
    + CategoryInfo          : NotSpecified: (Failed to compile.:String) [], RemoteException
    + FullyQualifiedErrorId : NativeCommandError
 

./app/api/analyze-listing/route.ts:111:30
Type error: This expression is not callable.
  Type '{ sourceUrl: string; sourceSite: string; blocked: boolean; confidence: number; issues: string[]; }' has no 
call signatures.

[0m [90m 109 |[39m           [36mconst[39m hostname [33m=[39m 
urlObj[33m.[39mhostname[33m.[39mreplace([35m/^www\./[39m[33m,[39m [32m''[39m)[0m
[0m [90m 110 |[39m           [0m
[0m[31m[1m>[22m[39m[90m 111 |[39m           extractedListing [33m=[39m {[0m
[0m [90m     |[39m                              [31m[1m^[22m[39m[0m
[0m [90m 112 |[39m             sourceUrl[33m:[39m url[33m,[39m[0m
[0m [90m 113 |[39m             sourceSite[33m:[39m hostname[33m.[39mincludes([32m'cars.com'[39m) [33m?[39m 
[32m'cars.com'[39m [33m:[39m [32m'other'[39m[33m,[39m[0m
[0m [90m 114 |[39m             blocked[33m:[39m [36mtrue[39m[33m,[39m[0m
Next.js build worker exited with code: 1 and signal: null
